I AM FOR TESTING PURPOSES ONLY